2026-01-20T09:33:22.406+05:00  INFO 10308 --- [main] r.n.S.Security2DbThymeleafApplication    : Starting Security2DbThymeleafApplication using Java 21.0.9 with PID 10308 (D:\JavaProject\KursovayaMovieCatalog\target\classes started by Евгений in D:\JavaProject\KursovayaMovieCatalog)
2026-01-20T09:33:22.412+05:00 DEBUG 10308 --- [main] r.n.S.Security2DbThymeleafApplication    : Running with Spring Boot v3.5.7, Spring v6.2.12
2026-01-20T09:33:22.412+05:00  INFO 10308 --- [main] r.n.S.Security2DbThymeleafApplication    : No active profile set, falling back to 1 default profile: "default"
2026-01-20T09:33:23.592+05:00  INFO 10308 --- [main] .s.d.r.c.RepositoryConfigurationDelegate : Bootstrapping Spring Data JPA repositories in DEFAULT mode.
2026-01-20T09:33:23.662+05:00  INFO 10308 --- [main] .s.d.r.c.RepositoryConfigurationDelegate : Finished Spring Data repository scanning in 52 ms. Found 6 JPA repository interfaces.
2026-01-20T09:33:24.202+05:00  INFO 10308 --- [main] o.s.b.w.embedded.tomcat.TomcatWebServer  : Tomcat initialized with port 8084 (http)
2026-01-20T09:33:24.212+05:00  INFO 10308 --- [main] o.apache.catalina.core.StandardService   : Starting service [Tomcat]
2026-01-20T09:33:24.212+05:00  INFO 10308 --- [main] o.apache.catalina.core.StandardEngine    : Starting Servlet engine: [Apache Tomcat/10.1.48]
2026-01-20T09:33:24.275+05:00  INFO 10308 --- [main] o.a.c.c.C.[Tomcat].[localhost].[/]       : Initializing Spring embedded WebApplicationContext
2026-01-20T09:33:24.275+05:00  INFO 10308 --- [main] w.s.c.ServletWebServerApplicationContext : Root WebApplicationContext: initialization completed in 1826 ms
2026-01-20T09:33:24.562+05:00  INFO 10308 --- [main] o.hibernate.jpa.internal.util.LogHelper  : HHH000204: Processing PersistenceUnitInfo [name: default]
2026-01-20T09:33:24.617+05:00  INFO 10308 --- [main] org.hibernate.Version                    : HHH000412: Hibernate ORM core version 6.6.33.Final
2026-01-20T09:33:24.652+05:00  INFO 10308 --- [main] o.h.c.internal.RegionFactoryInitiator    : HHH000026: Second-level cache disabled
2026-01-20T09:33:24.902+05:00  INFO 10308 --- [main] o.s.o.j.p.SpringPersistenceUnitInfo      : No LoadTimeWeaver setup: ignoring JPA class transformer
2026-01-20T09:33:24.929+05:00  INFO 10308 --- [main] com.zaxxer.hikari.HikariDataSource       : HikariPool-1 - Starting...
2026-01-20T09:33:25.161+05:00  INFO 10308 --- [main] com.zaxxer.hikari.pool.HikariPool        : HikariPool-1 - Added connection conn0: url=jdbc:h2:file:./movies user=
2026-01-20T09:33:25.162+05:00  INFO 10308 --- [main] com.zaxxer.hikari.HikariDataSource       : HikariPool-1 - Start completed.
2026-01-20T09:33:25.211+05:00  INFO 10308 --- [main] org.hibernate.orm.connections.pooling    : HHH10001005: Database info:
	Database JDBC URL [Connecting through datasource 'HikariDataSource (HikariPool-1)']
	Database driver: undefined/unknown
	Database version: 2.3.232
	Autocommit mode: undefined/unknown
	Isolation level: undefined/unknown
	Minimum pool size: undefined/unknown
	Maximum pool size: undefined/unknown
2026-01-20T09:33:25.902+05:00  INFO 10308 --- [main] o.h.e.t.j.p.i.JtaPlatformInitiator       : HHH000489: No JTA platform available (set 'hibernate.transaction.jta.platform' to enable JTA platform integration)
2026-01-20T09:33:25.943+05:00  INFO 10308 --- [main] j.LocalContainerEntityManagerFactoryBean : Initialized JPA EntityManagerFactory for persistence unit 'default'
2026-01-20T09:33:26.350+05:00  WARN 10308 --- [main] JpaBaseConfiguration$JpaWebConfiguration : spring.jpa.open-in-view is enabled by default. Therefore, database queries may be performed during view rendering. Explicitly configure spring.jpa.open-in-view to disable this warning
2026-01-20T09:33:26.492+05:00  INFO 10308 --- [main] o.s.b.a.w.s.WelcomePageHandlerMapping    : Adding welcome page template: index
2026-01-20T09:33:26.785+05:00  INFO 10308 --- [main] o.s.b.a.e.web.EndpointLinksResolver      : Exposing 3 endpoints beneath base path '/actuator'
2026-01-20T09:33:26.820+05:00  INFO 10308 --- [main] r$InitializeUserDetailsManagerConfigurer : Global AuthenticationManager configured with UserDetailsService bean with name customUserDetailsService
2026-01-20T09:33:27.140+05:00  INFO 10308 --- [main] o.s.b.a.h2.H2ConsoleAutoConfiguration    : H2 console available at '/h2-console'. Database available at 'jdbc:h2:file:./movies'
2026-01-20T09:33:27.204+05:00  INFO 10308 --- [main] o.s.b.w.embedded.tomcat.TomcatWebServer  : Tomcat started on port 8084 (http) with context path '/'
2026-01-20T09:33:27.214+05:00  INFO 10308 --- [main] r.n.S.Security2DbThymeleafApplication    : Started Security2DbThymeleafApplication in 5.302 seconds (process running for 5.707)
2026-01-20T09:42:56.168+05:00  INFO 10308 --- [http-nio-8084-exec-1] o.a.c.c.C.[Tomcat].[localhost].[/]       : Initializing Spring DispatcherServlet 'dispatcherServlet'
2026-01-20T09:42:56.168+05:00  INFO 10308 --- [http-nio-8084-exec-1] o.s.web.servlet.DispatcherServlet        : Initializing Servlet 'dispatcherServlet'
2026-01-20T09:42:56.170+05:00  INFO 10308 --- [http-nio-8084-exec-1] o.s.web.servlet.DispatcherServlet        : Completed initialization in 2 ms
2026-01-20T09:43:06.813+05:00  INFO 10308 --- [http-nio-8084-exec-1] r.n.S.controller.AboutController         : /about -> about page
2026-01-20T10:22:05.604+05:00  INFO 10308 --- [SpringApplicationShutdownHook] o.s.b.w.e.tomcat.GracefulShutdown        : Commencing graceful shutdown. Waiting for active requests to complete
2026-01-20T10:22:05.608+05:00  INFO 10308 --- [tomcat-shutdown] o.s.b.w.e.tomcat.GracefulShutdown        : Graceful shutdown complete
2026-01-20T10:22:05.613+05:00  INFO 10308 --- [SpringApplicationShutdownHook] j.LocalContainerEntityManagerFactoryBean : Closing JPA EntityManagerFactory for persistence unit 'default'
2026-01-20T10:22:05.614+05:00  INFO 10308 --- [SpringApplicationShutdownHook] com.zaxxer.hikari.HikariDataSource       : HikariPool-1 - Shutdown initiated...
2026-01-20T10:22:05.614+05:00  INFO 10308 --- [SpringApplicationShutdownHook] com.zaxxer.hikari.HikariDataSource       : HikariPool-1 - Shutdown completed.
2026-01-20T10:22:08.699+05:00  INFO 5472 --- [main] r.n.S.Security2DbThymeleafApplication    : Starting Security2DbThymeleafApplication using Java 21.0.9 with PID 5472 (D:\JavaProject\KursovayaMovieCatalog\target\classes started by Евгений in D:\JavaProject\KursovayaMovieCatalog)
2026-01-20T10:22:08.702+05:00 DEBUG 5472 --- [main] r.n.S.Security2DbThymeleafApplication    : Running with Spring Boot v3.5.7, Spring v6.2.12
2026-01-20T10:22:08.703+05:00  INFO 5472 --- [main] r.n.S.Security2DbThymeleafApplication    : No active profile set, falling back to 1 default profile: "default"
2026-01-20T10:22:09.557+05:00  INFO 5472 --- [main] .s.d.r.c.RepositoryConfigurationDelegate : Bootstrapping Spring Data JPA repositories in DEFAULT mode.
2026-01-20T10:22:09.621+05:00  INFO 5472 --- [main] .s.d.r.c.RepositoryConfigurationDelegate : Finished Spring Data repository scanning in 56 ms. Found 6 JPA repository interfaces.
2026-01-20T10:22:10.100+05:00  INFO 5472 --- [main] o.s.b.w.embedded.tomcat.TomcatWebServer  : Tomcat initialized with port 8084 (http)
2026-01-20T10:22:10.117+05:00  INFO 5472 --- [main] o.apache.catalina.core.StandardService   : Starting service [Tomcat]
2026-01-20T10:22:10.117+05:00  INFO 5472 --- [main] o.apache.catalina.core.StandardEngine    : Starting Servlet engine: [Apache Tomcat/10.1.48]
2026-01-20T10:22:10.167+05:00  INFO 5472 --- [main] o.a.c.c.C.[Tomcat].[localhost].[/]       : Initializing Spring embedded WebApplicationContext
2026-01-20T10:22:10.167+05:00  INFO 5472 --- [main] w.s.c.ServletWebServerApplicationContext : Root WebApplicationContext: initialization completed in 1423 ms
2026-01-20T10:22:10.417+05:00  INFO 5472 --- [main] o.hibernate.jpa.internal.util.LogHelper  : HHH000204: Processing PersistenceUnitInfo [name: default]
2026-01-20T10:22:10.451+05:00  INFO 5472 --- [main] org.hibernate.Version                    : HHH000412: Hibernate ORM core version 6.6.33.Final
2026-01-20T10:22:10.484+05:00  INFO 5472 --- [main] o.h.c.internal.RegionFactoryInitiator    : HHH000026: Second-level cache disabled
2026-01-20T10:22:10.684+05:00  INFO 5472 --- [main] o.s.o.j.p.SpringPersistenceUnitInfo      : No LoadTimeWeaver setup: ignoring JPA class transformer
2026-01-20T10:22:10.708+05:00  INFO 5472 --- [main] com.zaxxer.hikari.HikariDataSource       : HikariPool-1 - Starting...
2026-01-20T10:22:10.884+05:00  INFO 5472 --- [main] com.zaxxer.hikari.pool.HikariPool        : HikariPool-1 - Added connection conn0: url=jdbc:h2:file:./movies user=
2026-01-20T10:22:10.886+05:00  INFO 5472 --- [main] com.zaxxer.hikari.HikariDataSource       : HikariPool-1 - Start completed.
2026-01-20T10:22:10.932+05:00  INFO 5472 --- [main] org.hibernate.orm.connections.pooling    : HHH10001005: Database info:
	Database JDBC URL [Connecting through datasource 'HikariDataSource (HikariPool-1)']
	Database driver: undefined/unknown
	Database version: 2.3.232
	Autocommit mode: undefined/unknown
	Isolation level: undefined/unknown
	Minimum pool size: undefined/unknown
	Maximum pool size: undefined/unknown
2026-01-20T10:22:11.580+05:00  INFO 5472 --- [main] o.h.e.t.j.p.i.JtaPlatformInitiator       : HHH000489: No JTA platform available (set 'hibernate.transaction.jta.platform' to enable JTA platform integration)
2026-01-20T10:22:11.620+05:00  INFO 5472 --- [main] j.LocalContainerEntityManagerFactoryBean : Initialized JPA EntityManagerFactory for persistence unit 'default'
2026-01-20T10:22:12.122+05:00  WARN 5472 --- [main] JpaBaseConfiguration$JpaWebConfiguration : spring.jpa.open-in-view is enabled by default. Therefore, database queries may be performed during view rendering. Explicitly configure spring.jpa.open-in-view to disable this warning
2026-01-20T10:22:12.144+05:00  INFO 5472 --- [main] o.s.b.a.w.s.WelcomePageHandlerMapping    : Adding welcome page template: index
2026-01-20T10:22:12.352+05:00  INFO 5472 --- [main] o.s.b.a.e.web.EndpointLinksResolver      : Exposing 3 endpoints beneath base path '/actuator'
2026-01-20T10:22:12.379+05:00  INFO 5472 --- [main] r$InitializeUserDetailsManagerConfigurer : Global AuthenticationManager configured with UserDetailsService bean with name customUserDetailsService
2026-01-20T10:22:12.656+05:00  INFO 5472 --- [main] o.s.b.a.h2.H2ConsoleAutoConfiguration    : H2 console available at '/h2-console'. Database available at 'jdbc:h2:file:./movies'
2026-01-20T10:22:12.717+05:00  INFO 5472 --- [main] o.s.b.w.embedded.tomcat.TomcatWebServer  : Tomcat started on port 8084 (http) with context path '/'
2026-01-20T10:22:12.728+05:00  INFO 5472 --- [main] r.n.S.Security2DbThymeleafApplication    : Started Security2DbThymeleafApplication in 4.479 seconds (process running for 4.802)
2026-01-20T10:22:22.163+05:00  INFO 5472 --- [http-nio-8084-exec-1] o.a.c.c.C.[Tomcat].[localhost].[/]       : Initializing Spring DispatcherServlet 'dispatcherServlet'
2026-01-20T10:22:22.163+05:00  INFO 5472 --- [http-nio-8084-exec-1] o.s.web.servlet.DispatcherServlet        : Initializing Servlet 'dispatcherServlet'
2026-01-20T10:22:22.164+05:00  INFO 5472 --- [http-nio-8084-exec-1] o.s.web.servlet.DispatcherServlet        : Completed initialization in 1 ms
2026-01-20T10:22:22.199+05:00  INFO 5472 --- [http-nio-8084-exec-1] r.n.S.controller.AboutController         : /about -> about page
2026-01-20T10:22:25.056+05:00  INFO 5472 --- [http-nio-8084-exec-2] r.n.S.controller.AboutController         : /about -> about page
2026-01-20T10:22:38.710+05:00  INFO 5472 --- [http-nio-8084-exec-7] r.n.S.controller.RoleController          : /roles -> role management page
2026-01-20T10:23:07.350+05:00  INFO 5472 --- [http-nio-8084-exec-5] r.n.S.controller.CalculateController     : /calculate -> calculation form
2026-01-20T10:23:09.277+05:00  INFO 5472 --- [http-nio-8084-exec-6] r.n.S.controller.AboutController         : /about -> about page
2026-01-20T11:35:45.961+05:00  INFO 5472 --- [SpringApplicationShutdownHook] o.s.b.w.e.tomcat.GracefulShutdown        : Commencing graceful shutdown. Waiting for active requests to complete
2026-01-20T11:35:45.966+05:00  INFO 5472 --- [tomcat-shutdown] o.s.b.w.e.tomcat.GracefulShutdown        : Graceful shutdown complete
2026-01-20T11:35:45.971+05:00  INFO 5472 --- [SpringApplicationShutdownHook] j.LocalContainerEntityManagerFactoryBean : Closing JPA EntityManagerFactory for persistence unit 'default'
2026-01-20T11:35:45.972+05:00  INFO 5472 --- [SpringApplicationShutdownHook] com.zaxxer.hikari.HikariDataSource       : HikariPool-1 - Shutdown initiated...
2026-01-20T11:35:45.973+05:00  INFO 5472 --- [SpringApplicationShutdownHook] com.zaxxer.hikari.HikariDataSource       : HikariPool-1 - Shutdown completed.
2026-01-20T21:38:27.215+05:00  INFO 19836 --- [main] r.n.S.Security2DbThymeleafApplication    : Starting Security2DbThymeleafApplication using Java 21.0.9 with PID 19836 (D:\JavaProject\KursovayaMovieCatalog\target\classes started by Евгений in D:\JavaProject\KursovayaMovieCatalog)
2026-01-20T21:38:27.216+05:00 DEBUG 19836 --- [main] r.n.S.Security2DbThymeleafApplication    : Running with Spring Boot v3.5.7, Spring v6.2.12
2026-01-20T21:38:27.217+05:00  INFO 19836 --- [main] r.n.S.Security2DbThymeleafApplication    : No active profile set, falling back to 1 default profile: "default"
2026-01-20T21:38:28.381+05:00  INFO 19836 --- [main] .s.d.r.c.RepositoryConfigurationDelegate : Bootstrapping Spring Data JPA repositories in DEFAULT mode.
2026-01-20T21:38:28.447+05:00  INFO 19836 --- [main] .s.d.r.c.RepositoryConfigurationDelegate : Finished Spring Data repository scanning in 55 ms. Found 6 JPA repository interfaces.
2026-01-20T21:38:29.057+05:00  INFO 19836 --- [main] o.s.b.w.embedded.tomcat.TomcatWebServer  : Tomcat initialized with port 8084 (http)
2026-01-20T21:38:29.075+05:00  INFO 19836 --- [main] o.apache.catalina.core.StandardService   : Starting service [Tomcat]
2026-01-20T21:38:29.075+05:00  INFO 19836 --- [main] o.apache.catalina.core.StandardEngine    : Starting Servlet engine: [Apache Tomcat/10.1.48]
2026-01-20T21:38:29.221+05:00  INFO 19836 --- [main] o.a.c.c.C.[Tomcat].[localhost].[/]       : Initializing Spring embedded WebApplicationContext
2026-01-20T21:38:29.221+05:00  INFO 19836 --- [main] w.s.c.ServletWebServerApplicationContext : Root WebApplicationContext: initialization completed in 1967 ms
2026-01-20T21:38:29.596+05:00  INFO 19836 --- [main] o.hibernate.jpa.internal.util.LogHelper  : HHH000204: Processing PersistenceUnitInfo [name: default]
2026-01-20T21:38:29.659+05:00  INFO 19836 --- [main] org.hibernate.Version                    : HHH000412: Hibernate ORM core version 6.6.33.Final
2026-01-20T21:38:29.696+05:00  INFO 19836 --- [main] o.h.c.internal.RegionFactoryInitiator    : HHH000026: Second-level cache disabled
2026-01-20T21:38:29.964+05:00  INFO 19836 --- [main] o.s.o.j.p.SpringPersistenceUnitInfo      : No LoadTimeWeaver setup: ignoring JPA class transformer
2026-01-20T21:38:29.996+05:00  INFO 19836 --- [main] com.zaxxer.hikari.HikariDataSource       : HikariPool-1 - Starting...
2026-01-20T21:38:30.250+05:00  INFO 19836 --- [main] com.zaxxer.hikari.pool.HikariPool        : HikariPool-1 - Added connection conn0: url=jdbc:h2:file:./movies user=
2026-01-20T21:38:30.253+05:00  INFO 19836 --- [main] com.zaxxer.hikari.HikariDataSource       : HikariPool-1 - Start completed.
2026-01-20T21:38:30.309+05:00  INFO 19836 --- [main] org.hibernate.orm.connections.pooling    : HHH10001005: Database info:
	Database JDBC URL [Connecting through datasource 'HikariDataSource (HikariPool-1)']
	Database driver: undefined/unknown
	Database version: 2.3.232
	Autocommit mode: undefined/unknown
	Isolation level: undefined/unknown
	Minimum pool size: undefined/unknown
	Maximum pool size: undefined/unknown
2026-01-20T21:38:31.093+05:00  INFO 19836 --- [main] o.h.e.t.j.p.i.JtaPlatformInitiator       : HHH000489: No JTA platform available (set 'hibernate.transaction.jta.platform' to enable JTA platform integration)
2026-01-20T21:38:31.180+05:00  INFO 19836 --- [main] j.LocalContainerEntityManagerFactoryBean : Initialized JPA EntityManagerFactory for persistence unit 'default'
2026-01-20T21:38:31.614+05:00  WARN 19836 --- [main] JpaBaseConfiguration$JpaWebConfiguration : spring.jpa.open-in-view is enabled by default. Therefore, database queries may be performed during view rendering. Explicitly configure spring.jpa.open-in-view to disable this warning
2026-01-20T21:38:31.641+05:00  INFO 19836 --- [main] o.s.b.a.w.s.WelcomePageHandlerMapping    : Adding welcome page template: index
2026-01-20T21:38:31.880+05:00  INFO 19836 --- [main] o.s.b.a.e.web.EndpointLinksResolver      : Exposing 3 endpoints beneath base path '/actuator'
2026-01-20T21:38:31.912+05:00  INFO 19836 --- [main] r$InitializeUserDetailsManagerConfigurer : Global AuthenticationManager configured with UserDetailsService bean with name customUserDetailsService
2026-01-20T21:38:32.222+05:00  INFO 19836 --- [main] o.s.b.a.h2.H2ConsoleAutoConfiguration    : H2 console available at '/h2-console'. Database available at 'jdbc:h2:file:./movies'
2026-01-20T21:38:32.284+05:00  INFO 19836 --- [main] o.s.b.w.embedded.tomcat.TomcatWebServer  : Tomcat started on port 8084 (http) with context path '/'
2026-01-20T21:38:32.298+05:00  INFO 19836 --- [main] r.n.S.Security2DbThymeleafApplication    : Started Security2DbThymeleafApplication in 5.574 seconds (process running for 5.996)
2026-01-20T21:38:48.706+05:00  INFO 19836 --- [http-nio-8084-exec-1] o.a.c.c.C.[Tomcat].[localhost].[/]       : Initializing Spring DispatcherServlet 'dispatcherServlet'
2026-01-20T21:38:48.706+05:00  INFO 19836 --- [http-nio-8084-exec-1] o.s.web.servlet.DispatcherServlet        : Initializing Servlet 'dispatcherServlet'
2026-01-20T21:38:48.707+05:00  INFO 19836 --- [http-nio-8084-exec-1] o.s.web.servlet.DispatcherServlet        : Completed initialization in 1 ms
2026-01-20T21:39:03.319+05:00  INFO 19836 --- [http-nio-8084-exec-5] r.n.S.controller.MovieController         : /movies -> connection by user: admin
2026-01-20T21:39:12.836+05:00  INFO 19836 --- [http-nio-8084-exec-7] r.n.S.controller.ActorController         : /actors -> connection by user: admin
2026-01-20T21:39:15.922+05:00  INFO 19836 --- [http-nio-8084-exec-9] r.n.S.controller.MovieController         : /movies -> connection by user: admin
2026-01-20T21:39:20.230+05:00  INFO 19836 --- [http-nio-8084-exec-1] r.n.S.controller.BoxOfficeController     : /boxoffice -> connection by user: admin
2026-01-20T21:40:16.195+05:00  INFO 19836 --- [http-nio-8084-exec-4] r.n.S.controller.MovieController         : /movies -> connection by user: admin
2026-01-20T21:42:04.972+05:00  INFO 19836 --- [http-nio-8084-exec-8] r.n.S.controller.MovieController         : /movies -> connection by user: admin
2026-01-20T21:42:16.844+05:00  INFO 19836 --- [http-nio-8084-exec-9] r.n.S.controller.MovieController         : /movies/add -> form
2026-01-20T21:42:18.586+05:00  INFO 19836 --- [http-nio-8084-exec-10] r.n.S.controller.MovieController         : /movies -> connection by user: admin
2026-01-20T21:43:41.354+05:00  INFO 19836 --- [http-nio-8084-exec-4] r.n.S.controller.MovieController         : /movies -> connection by user: admin
2026-01-20T21:51:25.812+05:00  INFO 19836 --- [http-nio-8084-exec-8] r.n.S.controller.ActorController         : /actors -> connection by user: admin
2026-01-20T21:51:55.110+05:00  INFO 19836 --- [http-nio-8084-exec-10] r.n.S.controller.ActorController         : /actors -> connection by user: admin
2026-01-20T22:22:48.761+05:00  INFO 19836 --- [SpringApplicationShutdownHook] o.s.b.w.e.tomcat.GracefulShutdown        : Commencing graceful shutdown. Waiting for active requests to complete
2026-01-20T22:22:48.767+05:00  INFO 19836 --- [tomcat-shutdown] o.s.b.w.e.tomcat.GracefulShutdown        : Graceful shutdown complete
2026-01-20T22:22:48.772+05:00  INFO 19836 --- [SpringApplicationShutdownHook] j.LocalContainerEntityManagerFactoryBean : Closing JPA EntityManagerFactory for persistence unit 'default'
2026-01-20T22:22:48.774+05:00  INFO 19836 --- [SpringApplicationShutdownHook] com.zaxxer.hikari.HikariDataSource       : HikariPool-1 - Shutdown initiated...
2026-01-20T22:22:48.775+05:00  INFO 19836 --- [SpringApplicationShutdownHook] com.zaxxer.hikari.HikariDataSource       : HikariPool-1 - Shutdown completed.
2026-01-20T23:18:15.557+05:00  INFO 1080 --- [main] r.n.S.Security2DbThymeleafApplication    : Starting Security2DbThymeleafApplication using Java 21.0.9 with PID 1080 (D:\JavaProject\KursovayaMovieCatalog\target\classes started by Евгений in D:\JavaProject\KursovayaMovieCatalog)
2026-01-20T23:18:15.559+05:00 DEBUG 1080 --- [main] r.n.S.Security2DbThymeleafApplication    : Running with Spring Boot v3.5.7, Spring v6.2.12
2026-01-20T23:18:15.560+05:00  INFO 1080 --- [main] r.n.S.Security2DbThymeleafApplication    : No active profile set, falling back to 1 default profile: "default"
2026-01-20T23:18:16.463+05:00  INFO 1080 --- [main] .s.d.r.c.RepositoryConfigurationDelegate : Bootstrapping Spring Data JPA repositories in DEFAULT mode.
2026-01-20T23:18:16.541+05:00  INFO 1080 --- [main] .s.d.r.c.RepositoryConfigurationDelegate : Finished Spring Data repository scanning in 66 ms. Found 6 JPA repository interfaces.
2026-01-20T23:18:17.072+05:00  INFO 1080 --- [main] o.s.b.w.embedded.tomcat.TomcatWebServer  : Tomcat initialized with port 8084 (http)
2026-01-20T23:18:17.084+05:00  INFO 1080 --- [main] o.apache.catalina.core.StandardService   : Starting service [Tomcat]
2026-01-20T23:18:17.084+05:00  INFO 1080 --- [main] o.apache.catalina.core.StandardEngine    : Starting Servlet engine: [Apache Tomcat/10.1.48]
2026-01-20T23:18:17.140+05:00  INFO 1080 --- [main] o.a.c.c.C.[Tomcat].[localhost].[/]       : Initializing Spring embedded WebApplicationContext
2026-01-20T23:18:17.140+05:00  INFO 1080 --- [main] w.s.c.ServletWebServerApplicationContext : Root WebApplicationContext: initialization completed in 1542 ms
2026-01-20T23:18:17.392+05:00  INFO 1080 --- [main] o.hibernate.jpa.internal.util.LogHelper  : HHH000204: Processing PersistenceUnitInfo [name: default]
2026-01-20T23:18:17.434+05:00  INFO 1080 --- [main] org.hibernate.Version                    : HHH000412: Hibernate ORM core version 6.6.33.Final
2026-01-20T23:18:17.461+05:00  INFO 1080 --- [main] o.h.c.internal.RegionFactoryInitiator    : HHH000026: Second-level cache disabled
2026-01-20T23:18:17.677+05:00  INFO 1080 --- [main] o.s.o.j.p.SpringPersistenceUnitInfo      : No LoadTimeWeaver setup: ignoring JPA class transformer
2026-01-20T23:18:17.701+05:00  INFO 1080 --- [main] com.zaxxer.hikari.HikariDataSource       : HikariPool-1 - Starting...
2026-01-20T23:18:17.875+05:00  INFO 1080 --- [main] com.zaxxer.hikari.pool.HikariPool        : HikariPool-1 - Added connection conn0: url=jdbc:h2:file:./movies user=
2026-01-20T23:18:17.877+05:00  INFO 1080 --- [main] com.zaxxer.hikari.HikariDataSource       : HikariPool-1 - Start completed.
2026-01-20T23:18:17.925+05:00  INFO 1080 --- [main] org.hibernate.orm.connections.pooling    : HHH10001005: Database info:
	Database JDBC URL [Connecting through datasource 'HikariDataSource (HikariPool-1)']
	Database driver: undefined/unknown
	Database version: 2.3.232
	Autocommit mode: undefined/unknown
	Isolation level: undefined/unknown
	Minimum pool size: undefined/unknown
	Maximum pool size: undefined/unknown
2026-01-20T23:18:18.651+05:00  INFO 1080 --- [main] o.h.e.t.j.p.i.JtaPlatformInitiator       : HHH000489: No JTA platform available (set 'hibernate.transaction.jta.platform' to enable JTA platform integration)
2026-01-20T23:18:18.706+05:00  INFO 1080 --- [main] j.LocalContainerEntityManagerFactoryBean : Initialized JPA EntityManagerFactory for persistence unit 'default'
2026-01-20T23:18:19.145+05:00  WARN 1080 --- [main] JpaBaseConfiguration$JpaWebConfiguration : spring.jpa.open-in-view is enabled by default. Therefore, database queries may be performed during view rendering. Explicitly configure spring.jpa.open-in-view to disable this warning
2026-01-20T23:18:19.173+05:00  INFO 1080 --- [main] o.s.b.a.w.s.WelcomePageHandlerMapping    : Adding welcome page template: index
2026-01-20T23:18:19.457+05:00  INFO 1080 --- [main] o.s.b.a.e.web.EndpointLinksResolver      : Exposing 3 endpoints beneath base path '/actuator'
2026-01-20T23:18:19.500+05:00  INFO 1080 --- [main] r$InitializeUserDetailsManagerConfigurer : Global AuthenticationManager configured with UserDetailsService bean with name customUserDetailsService
2026-01-20T23:18:19.855+05:00  INFO 1080 --- [main] o.s.b.a.h2.H2ConsoleAutoConfiguration    : H2 console available at '/h2-console'. Database available at 'jdbc:h2:file:./movies'
2026-01-20T23:18:19.924+05:00  INFO 1080 --- [main] o.s.b.w.embedded.tomcat.TomcatWebServer  : Tomcat started on port 8084 (http) with context path '/'
2026-01-20T23:18:19.937+05:00  INFO 1080 --- [main] r.n.S.Security2DbThymeleafApplication    : Started Security2DbThymeleafApplication in 4.858 seconds (process running for 5.223)
2026-01-20T23:18:27.002+05:00  INFO 1080 --- [http-nio-8084-exec-1] o.a.c.c.C.[Tomcat].[localhost].[/]       : Initializing Spring DispatcherServlet 'dispatcherServlet'
2026-01-20T23:18:27.002+05:00  INFO 1080 --- [http-nio-8084-exec-1] o.s.web.servlet.DispatcherServlet        : Initializing Servlet 'dispatcherServlet'
2026-01-20T23:18:27.003+05:00  INFO 1080 --- [http-nio-8084-exec-1] o.s.web.servlet.DispatcherServlet        : Completed initialization in 1 ms
2026-01-20T23:18:51.308+05:00  INFO 1080 --- [http-nio-8084-exec-6] r.n.S.controller.MovieController         : /movies -> connection by user: admin
2026-01-20T23:18:56.097+05:00  INFO 1080 --- [http-nio-8084-exec-7] r.n.S.controller.MovieController         : /movies/1 -> movie details
2026-01-20T23:19:05.172+05:00  INFO 1080 --- [http-nio-8084-exec-9] r.n.S.controller.ActorController         : /actors -> connection by user: admin
2026-01-20T23:19:09.128+05:00  INFO 1080 --- [http-nio-8084-exec-10] r.n.S.controller.ActorController         : /actors/2 -> actor details
2026-01-20T23:19:20.781+05:00  INFO 1080 --- [http-nio-8084-exec-1] r.n.S.controller.ActorController         : /actors/2 -> actor details
2026-01-20T23:19:29.720+05:00  INFO 1080 --- [http-nio-8084-exec-4] r.n.S.controller.ActorController         : /actors/1 -> actor details
2026-01-20T23:19:36.791+05:00  INFO 1080 --- [http-nio-8084-exec-3] r.n.S.controller.ActorController         : /actors/2 -> actor details
2026-01-20T23:19:53.008+05:00  INFO 1080 --- [http-nio-8084-exec-5] r.n.S.controller.MovieController         : /movies/3 -> movie details
2026-01-20T23:19:55.598+05:00  INFO 1080 --- [http-nio-8084-exec-7] r.n.S.controller.CalculateController     : /calculate -> calculation form, movieId: null
2026-01-20T23:19:59.050+05:00  INFO 1080 --- [http-nio-8084-exec-8] r.n.S.controller.MovieController         : /movies -> connection by user: admin
2026-01-20T23:20:03.572+05:00  INFO 1080 --- [http-nio-8084-exec-9] r.n.S.controller.MovieController         : /movies/update -> form for movie id: 1
2026-01-20T23:20:40.754+05:00  INFO 1080 --- [http-nio-8084-exec-1] r.n.S.controller.MovieController         : /movies/save -> saving movie: Большой Лебовски
2026-01-20T23:20:40.800+05:00  INFO 1080 --- [http-nio-8084-exec-2] r.n.S.controller.MovieController         : /movies -> connection by user: admin
2026-01-20T23:20:44.617+05:00  INFO 1080 --- [http-nio-8084-exec-3] r.n.S.controller.CalculateController     : /calculate -> calculation form, movieId: null
2026-01-20T23:20:46.687+05:00  INFO 1080 --- [http-nio-8084-exec-5] r.n.S.controller.CalculateController     : /calculate -> calculation form, movieId: 1
2026-01-20T23:21:57.684+05:00  INFO 1080 --- [SpringApplicationShutdownHook] o.s.b.w.e.tomcat.GracefulShutdown        : Commencing graceful shutdown. Waiting for active requests to complete
2026-01-20T23:21:57.688+05:00  INFO 1080 --- [tomcat-shutdown] o.s.b.w.e.tomcat.GracefulShutdown        : Graceful shutdown complete
2026-01-20T23:21:57.692+05:00  INFO 1080 --- [SpringApplicationShutdownHook] j.LocalContainerEntityManagerFactoryBean : Closing JPA EntityManagerFactory for persistence unit 'default'
2026-01-20T23:21:57.695+05:00  INFO 1080 --- [SpringApplicationShutdownHook] com.zaxxer.hikari.HikariDataSource       : HikariPool-1 - Shutdown initiated...
2026-01-20T23:21:57.696+05:00  INFO 1080 --- [SpringApplicationShutdownHook] com.zaxxer.hikari.HikariDataSource       : HikariPool-1 - Shutdown completed.
